 
cpldfit:  version P.20131013                        Xilinx Inc.
                                  Fitter Report
Design Name: Memory                              Date: 12-13-2021,  9:54PM
Device Used: XC2C256-6-TQ144
Fitting Status: Successful

*************************  Mapped Resource Summary  **************************

Macrocells     Product Terms    Function Block   Registers      Pins           
Used/Tot       Used/Tot         Inps Used/Tot    Used/Tot       Used/Tot       
101/256 ( 39%) 303 /896  ( 34%) 283 /640  ( 44%) 74 /256 ( 29%) 16 /118 ( 14%)

** Function Block Resources **

Function Mcells   FB Inps  Pterms   IO       CTC      CTR      CTS      CTE     
Block    Used/Tot Used/Tot Used/Tot Used/Tot Used/Tot Used/Tot Used/Tot Used/Tot
FB1      16/16*    30/40    45/56     0/ 6    1/1*     0/1      0/1      0/1
FB2      16/16*    26/40    46/56     0/ 8    1/1*     0/1      0/1      0/1
FB3       2/16     38/40*   19/56     0/ 6    1/1*     0/1      0/1      0/1
FB4       1/16     34/40    17/56     0/ 8    1/1*     0/1      0/1      0/1
FB5       1/16     34/40    17/56     0/ 5    1/1*     0/1      0/1      0/1
FB6      16/16*     5/40    16/56     0/ 8    0/1      0/1      0/1      0/1
FB7      16/16*    26/40    47/56     0/ 8    1/1*     0/1      0/1      0/1
FB8      16/16*    27/40    45/56     0/ 8    1/1*     0/1      0/1      0/1
FB9       4/16     37/40    20/56     4/ 8    1/1*     0/1      0/1      0/1
FB10     10/16     20/40    26/56     2/ 9    1/1*     0/1      0/1      0/1
FB11      0/16      0/40     0/56     0/ 8    0/1      0/1      0/1      0/1
FB12      2/16      2/40     2/56     2/ 6    0/1      0/1      0/1      0/1
FB13      0/16      0/40     0/56     0/ 8    0/1      0/1      0/1      0/1
FB14      1/16      4/40     3/56     1/ 8    1/1*     0/1      0/1      0/1
FB15      0/16      0/40     0/56     0/ 7    0/1      0/1      0/1      0/1
FB16      0/16      0/40     0/56     0/ 7    0/1      0/1      0/1      0/1
         -----    -------  -------   -----    ---      ---      ---      ---
Total   101/256   283/640  303/896    9/118  10/16     0/16     0/16     0/16

CTC - Control Term Clock
CTR - Control Term Reset
CTS - Control Term Set
CTE - Control Term Output Enable

* - Resource is exhausted

** Global Control Resources **

GCK         GSR         GTS         DGE         
Used/Tot    Used/Tot    Used/Tot    Used/Tot    
0/3         0/1         0/4         0/1


** Pin Resources **

Signal Type    Required     Mapped  |  Pin Type            Used    Total 
------------------------------------|------------------------------------
Input         :    7           7    |  I/O              :    12    108
Output        :    9           9    |  GCK/IO           :     0      3
Bidirectional :    0           0    |  GTS/IO           :     2      4
GCK           :    0           0    |  GSR/IO           :     1      1
GTS           :    0           0    |  CDR/IO           :     0      1
GSR           :    0           0    |  DGE/IO           :     1      1
                 ----        ----
        Total     16          16

End of Mapped Resource Summary
**************************  Errors and Warnings  ***************************

WARNING:Cpld - Unable to retrieve the path to the iSE Project Repository. Will
   use the default filename of 'Memory.ise'.
WARNING:Cpld - Unable to map all desired signals into function block, FB9.
   Buffering output signal Out_MemCellValue<1> to allow all signals assigned to
   this function block to be placed.
WARNING:Cpld - Unable to map all desired signals into function block, FB9.
   Buffering output signal Out_MemCellValue<2> to allow all signals assigned to
   this function block to be placed.
WARNING:Cpld - Unable to map all desired signals into function block, FB9.
   Buffering output signal Out_MemCellValue<3> to allow all signals assigned to
   this function block to be placed.
*************************  Summary of Mapped Logic  ************************

** 9 Outputs **

Signal                    Total Total Bank Loc     Pin   Pin       Pin     I/O      I/O       Slew Reg     Reg Init
Name                      Pts   Inps               No.   Type      Use     STD      Style     Rate Use     State
Out_MemCellValue<0>       17    34    2    FB9_2   113   I/O       O       LVCMOS18           FAST LATCH   RESET
Out_MemCellValue<1>       1     1     2    FB9_6   115   I/O       O       LVCMOS18           FAST         
Out_MemCellValue<2>       1     1     2    FB9_13  117   I/O       O       LVCMOS18           FAST         
Out_MemCellValue<3>       1     1     2    FB9_15  119   I/O       O       LVCMOS18           FAST         
Out_BtnValue<3>           1     1     2    FB10_6  104   I/O       O       LVCMOS18           FAST         
Out_BtnValue<2>           1     1     2    FB10_14 102   I/O       O       LVCMOS18           FAST         
Out_BtnValue<1>           1     1     2    FB12_2  100   I/O       O       LVCMOS18           FAST         
Out_BtnValue<0>           1     1     2    FB12_12 97    I/O       O       LVCMOS18           FAST         
Out_FullStack             3     4     1    FB14_4  69    I/O       O       LVCMOS18           FAST LATCH   RESET

** 92 Buried Nodes **

Signal                    Total Total Loc     Reg     Reg Init
Name                      Pts   Inps          Use     State
Memory_0_3                4     10    FB1_1   LATCH   RESET
Memory_0_2                4     10    FB1_2   LATCH   RESET
Memory_2_1                4     10    FB1_3   LATCH   RESET
Memory_2_0                4     10    FB1_4   LATCH   RESET
Memory_0_1                4     10    FB1_5   LATCH   RESET
Memory_1_3                4     10    FB1_6   LATCH   RESET
Memory_0_0                4     10    FB1_7   LATCH   RESET
MaxIndex<4>               5     11    FB1_8   LATCH   RESET
MaxIndex<3>               8     10    FB1_9   LATCH   RESET
MaxIndex<2>               6     9     FB1_10  LATCH   RESET
MaxIndex<0>               4     8     FB1_11  LATCH   RESET
Memory_1_2                4     10    FB1_12  LATCH   RESET
Memory_1_1                4     10    FB1_13  LATCH   RESET
Memory_1_0                4     10    FB1_14  LATCH   RESET
N_PZ_218                  1     2     FB1_15          
N_PZ_215                  1     2     FB1_16          
Memory_11_1               4     10    FB2_1   LATCH   RESET
Memory_9_0                4     10    FB2_2   LATCH   RESET
Memory_10_1               4     10    FB2_3   LATCH   RESET
Memory_3_0                4     10    FB2_4   LATCH   RESET
Memory_4_0                4     10    FB2_5   LATCH   RESET
Memory_15_0               4     10    FB2_6   LATCH   RESET
Memory_14_0               4     10    FB2_7   LATCH   RESET
Memory_13_0               4     10    FB2_8   LATCH   RESET
Memory_12_0               4     10    FB2_9   LATCH   RESET
Memory_11_0               4     10    FB2_10  LATCH   RESET
Memory_10_0               4     10    FB2_11  LATCH   RESET
Memory_5_0                4     10    FB2_12  LATCH   RESET
Memory_6_0                4     10    FB2_13  LATCH   RESET
Memory_7_0                4     10    FB2_14  LATCH   RESET
Memory_8_0                4     10    FB2_15  LATCH   RESET
MaxIndex<1>               3     3     FB2_16  LATCH   RESET
N_PZ_176                  2     5     FB3_13          
Out_MemCellValue<1>_BUFR  17    34    FB3_15  LATCH   RESET
Out_MemCellValue<2>_BUFR  17    34    FB4_16  LATCH   RESET
Out_MemCellValue<3>_BUFR  17    34    FB5_16  LATCH   RESET
N_PZ_208                  1     5     FB6_1           
N_PZ_207                  1     5     FB6_2           
N_PZ_191                  1     5     FB6_3           
N_PZ_201                  1     5     FB6_4           

Signal                    Total Total Loc     Reg     Reg Init
Name                      Pts   Inps          Use     State
N_PZ_190                  1     5     FB6_5           
N_PZ_188                  1     5     FB6_6           
N_PZ_186                  1     5     FB6_7           
N_PZ_180                  1     5     FB6_8           
N_PZ_179                  1     5     FB6_9           
N_PZ_178                  1     5     FB6_10          
N_PZ_177                  1     5     FB6_11          
N_PZ_200                  1     5     FB6_12          
N_PZ_199                  1     5     FB6_13          
N_PZ_198                  1     5     FB6_14          
N_PZ_197                  1     5     FB6_15          
N_PZ_196                  1     5     FB6_16          
Memory_8_2                4     10    FB7_1   LATCH   RESET
Memory_9_2                4     10    FB7_2   LATCH   RESET
Memory_15_2               4     10    FB7_3   LATCH   RESET
Memory_14_2               4     10    FB7_4   LATCH   RESET
Memory_11_3               4     10    FB7_5   LATCH   RESET
Memory_10_3               4     10    FB7_6   LATCH   RESET
Memory_13_2               4     10    FB7_7   LATCH   RESET
Memory_12_2               4     10    FB7_8   LATCH   RESET
Memory_11_2               4     10    FB7_9   LATCH   RESET
Memory_10_2               4     10    FB7_10  LATCH   RESET
Memory_2_2                4     10    FB7_11  LATCH   RESET
Memory_3_2                4     10    FB7_12  LATCH   RESET
Memory_4_2                4     10    FB7_13  LATCH   RESET
Memory_5_2                4     10    FB7_14  LATCH   RESET
Memory_6_2                4     10    FB7_15  LATCH   RESET
Memory_7_2                4     10    FB7_16  LATCH   RESET
Memory_9_3                4     10    FB8_1   LATCH   RESET
Memory_8_3                4     10    FB8_2   LATCH   RESET
Memory_7_3                4     10    FB8_3   LATCH   RESET
Memory_15_3               4     10    FB8_4   LATCH   RESET
Memory_6_3                4     10    FB8_5   LATCH   RESET
Memory_5_3                4     10    FB8_6   LATCH   RESET
Memory_14_3               4     10    FB8_7   LATCH   RESET
Memory_13_3               4     10    FB8_8   LATCH   RESET
Memory_12_3               4     10    FB8_9   LATCH   RESET
Memory_15_1               4     10    FB8_10  LATCH   RESET
Memory_4_3                4     10    FB8_11  LATCH   RESET
Memory_3_3                4     10    FB8_12  LATCH   RESET

Signal                    Total Total Loc     Reg     Reg Init
Name                      Pts   Inps          Use     State
Memory_2_3                4     10    FB8_13  LATCH   RESET
Memory_14_1               4     10    FB8_14  LATCH   RESET
Memory_13_1               4     10    FB8_15  LATCH   RESET
Memory_12_1               4     10    FB8_16  LATCH   RESET
Memory_8_1                4     10    FB10_7  LATCH   RESET
Memory_7_1                4     10    FB10_8  LATCH   RESET
Memory_6_1                4     10    FB10_9  LATCH   RESET
Memory_5_1                4     10    FB10_10 LATCH   RESET
Memory_4_1                4     10    FB10_11 LATCH   RESET
Memory_3_1                4     10    FB10_13 LATCH   RESET
N_PZ_214                  2     7     FB10_15         
Memory_9_1                4     10    FB10_16 LATCH   RESET

** 7 Inputs **

Signal                    Bank Loc     Pin   Pin       Pin     I/O      I/O
Name                                   No.   Type      Use     STD      Style
In_Write                  2    FB1_3   143   GSR/I/O   I       LVCMOS18 KPR
In_BtnValue<0>            2    FB2_3   3     GTS/I/O   I       LVCMOS18 KPR
In_BtnValue<1>            2    FB2_5   5     GTS/I/O   I       LVCMOS18 KPR
In_BtnValue<2>            2    FB2_13  7     I/O       I       LVCMOS18 KPR
In_BtnValue<3>            2    FB2_15  10    I/O       I       LVCMOS18 KPR
In_Enable                 1    FB6_12  39    DGE/I/O   I       LVCMOS18 KPR
In_Read                   2    FB12_15 94    I/O       I       LVCMOS18 KPR

Legend:
Pin No.   - ~     - User Assigned
I/O Style - OD    - OpenDrain
          - PU    - Pullup
          - KPR   - Keeper
          - S     - SchmittTrigger
          - DG    - DataGate
Reg Use   - LATCH - Transparent latch
          - DFF   - D-flip-flop
          - DEFF  - D-flip-flop with clock enable
          - TFF   - T-flip-flop
          - TDFF  - Dual-edge-triggered T-flip-flop
          - DDFF  - Dual-edge-triggered flip-flop
          - DDEFF - Dual-edge-triggered flip-flop with clock enable
          /S (after any above flop/latch type) indicates initial state is Set
**************************  Function Block Details  ************************
Legend:
Total Pt     - Total product terms used by the macrocell signal
Loc          - Location where logic was mapped in device
Pin Type/Use - I  - Input             GCK - Global clock
               O  - Output            GTS - Global Output Enable
              (b) - Buried macrocell  GSR - Global Set/Reset
              VRF - Vref
Pin No.      - ~  - User Assigned
*********************************** FB1  ***********************************
This function block is part of I/O Bank number:               2
Number of function block inputs used/remaining:               30/10
Number of function block control terms used/remaining:        1/3
Number of PLA product terms used/remaining:                   45/11
Signal                        Total Loc     Pin  Pin     Pin   CTC CTR CTS CTE
Name                          Pt            No.  Type    Use   
Memory_0_3                    4     FB1_1        (b)     (b)    +          
Memory_0_2                    4     FB1_2        (b)     (b)    +          
Memory_2_1                    4     FB1_3   143  GSR/I/O I      +          
Memory_2_0                    4     FB1_4   142  I/O     (b)    +          
Memory_0_1                    4     FB1_5        (b)     (b)    +          
Memory_1_3                    4     FB1_6   140  I/O     (b)    +          
Memory_0_0                    4     FB1_7        (b)     (b)    +          
MaxIndex<4>                   5     FB1_8        (b)     (b)    +          
MaxIndex<3>                   8     FB1_9        (b)     (b)    +          
MaxIndex<2>                   6     FB1_10       (b)     (b)    +          
MaxIndex<0>                   4     FB1_11       (b)     (b)    +          
Memory_1_2                    4     FB1_12  139  I/O     (b)    +          
Memory_1_1                    4     FB1_13  138  I/O     (b)    +          
Memory_1_0                    4     FB1_14  137  I/O     (b)    +          
N_PZ_218                      1     FB1_15       (b)     (b)               
N_PZ_215                      1     FB1_16       (b)     (b)               

Signals Used by Logic in Function Block
  1: In_BtnValue<0>    11: MaxIndex<3>       21: Memory_2_0 
  2: In_BtnValue<1>    12: MaxIndex<4>       22: Memory_2_1 
  3: In_BtnValue<2>    13: Memory_0_0        23: N_PZ_176 
  4: In_BtnValue<3>    14: Memory_0_1        24: N_PZ_177 
  5: In_Enable         15: Memory_0_2        25: N_PZ_178 
  6: In_Read           16: Memory_0_3        26: N_PZ_179 
  7: In_Write          17: Memory_1_0        27: N_PZ_214 
  8: MaxIndex<0>       18: Memory_1_1        28: N_PZ_215 
  9: MaxIndex<1>       19: Memory_1_2        29: N_PZ_218 
 10: MaxIndex<2>       20: Memory_1_3        30: Out_FullStack 

Signal                     1         2         3         4 FB      
Name             0----+----0----+----0----+----0----+----0 Inputs  
Memory_0_3        ...XX..XXXXX...X...........XX........... 10      
Memory_0_2        ..X.X..XXXXX..X............XX........... 10      
Memory_2_1        ....X..XXXXX.....X...X....XX............ 10      
Memory_2_0        ....X..XXXXX....X...X.....XX............ 10      
Memory_0_1        .X..X..XXXXX.X.............XX........... 10      
Memory_1_3        ....X..XXXXX...X...X......XX............ 10      
Memory_0_0        X...X..XXXXXX..............XX........... 10      
MaxIndex<4>       ....X..XXXXX...........X.X.XXX.......... 11      
MaxIndex<3>       ....X..XXXX...........X.X..XXX.......... 10      
MaxIndex<2>       ....X..XXX.X..........X....XXX.......... 9       
MaxIndex<0>       ....X.XX...X..........X....XXX.......... 8       
Memory_1_2        ....X..XXXXX..X...X.......XX............ 10      
Memory_1_1        ....X..XXXXX.X...X........XX............ 10      
Memory_1_0        ....X..XXXXXX...X.........XX............ 10      
N_PZ_218          .....XX................................. 2       
N_PZ_215          .....XX................................. 2       
                 0----+----1----+----2----+----3----+----4
                           0         0         0         0
*********************************** FB2  ***********************************
This function block is part of I/O Bank number:               2
Number of function block inputs used/remaining:               26/14
Number of function block control terms used/remaining:        1/3
Number of PLA product terms used/remaining:                   46/10
Signal                        Total Loc     Pin  Pin     Pin   CTC CTR CTS CTE
Name                          Pt            No.  Type    Use   
Memory_11_1                   4     FB2_1   2    GTS/I/O (b)    +          
Memory_9_0                    4     FB2_2        (b)     (b)    +          
Memory_10_1                   4     FB2_3   3    GTS/I/O I      +          
Memory_3_0                    4     FB2_4   4    I/O     (b)    +          
Memory_4_0                    4     FB2_5   5    GTS/I/O I      +          
Memory_15_0                   4     FB2_6        (b)     (b)    +          
Memory_14_0                   4     FB2_7        (b)     (b)    +          
Memory_13_0                   4     FB2_8        (b)     (b)    +          
Memory_12_0                   4     FB2_9        (b)     (b)    +          
Memory_11_0                   4     FB2_10       (b)     (b)    +          
Memory_10_0                   4     FB2_11       (b)     (b)    +          
Memory_5_0                    4     FB2_12  6    GTS/I/O (b)    +          
Memory_6_0                    4     FB2_13  7    I/O     I      +          
Memory_7_0                    4     FB2_14  9    I/O     (b)    +          
Memory_8_0                    4     FB2_15  10   I/O     I      +          
MaxIndex<1>                   3     FB2_16       (b)     (b)    +          

Signals Used by Logic in Function Block
  1: In_Enable         10: Memory_11_1       19: Memory_6_0 
  2: MaxIndex<0>       11: Memory_12_0       20: Memory_7_0 
  3: MaxIndex<1>       12: Memory_13_0       21: Memory_8_0 
  4: MaxIndex<2>       13: Memory_14_0       22: Memory_9_0 
  5: MaxIndex<3>       14: Memory_15_0       23: Memory_9_1 
  6: MaxIndex<4>       15: Memory_2_0        24: N_PZ_176 
  7: Memory_10_0       16: Memory_3_0        25: N_PZ_214 
  8: Memory_10_1       17: Memory_4_0        26: N_PZ_215 
  9: Memory_11_0       18: Memory_5_0       

Signal                     1         2         3         4 FB      
Name             0----+----0----+----0----+----0----+----0 Inputs  
Memory_11_1       XXXXXX.X.X..............XX.............. 10      
Memory_9_0        XXXXXX..............XX..XX.............. 10      
Memory_10_1       XXXXXX.X..............X.XX.............. 10      
Memory_3_0        XXXXXX........XX........XX.............. 10      
Memory_4_0        XXXXXX.........XX.......XX.............. 10      
Memory_15_0       XXXXXX......XX..........XX.............. 10      
Memory_14_0       XXXXXX.....XX...........XX.............. 10      
Memory_13_0       XXXXXX....XX............XX.............. 10      
Memory_12_0       XXXXXX..X.X.............XX.............. 10      
Memory_11_0       XXXXXXX.X...............XX.............. 10      
Memory_10_0       XXXXXXX..............X..XX.............. 10      
Memory_5_0        XXXXXX..........XX......XX.............. 10      
Memory_6_0        XXXXXX...........XX.....XX.............. 10      
Memory_7_0        XXXXXX............XX....XX.............. 10      
Memory_8_0        XXXXXX.............XX...XX.............. 10      
MaxIndex<1>       X.X....................X................ 3       
                 0----+----1----+----2----+----3----+----4
                           0         0         0         0
*********************************** FB3  ***********************************
This function block is part of I/O Bank number:               2
Number of function block inputs used/remaining:               38/2
Number of function block control terms used/remaining:        1/3
Number of PLA product terms used/remaining:                   19/37
Signal                        Total Loc     Pin  Pin     Pin   CTC CTR CTS CTE
Name                          Pt            No.  Type    Use   
(unused)                      0     FB3_1   136  I/O           
(unused)                      0     FB3_2   135  I/O           
(unused)                      0     FB3_3   134  I/O           
(unused)                      0     FB3_4        (b)           
(unused)                      0     FB3_5   133  I/O           
(unused)                      0     FB3_6        (b)           
(unused)                      0     FB3_7        (b)           
(unused)                      0     FB3_8        (b)           
(unused)                      0     FB3_9        (b)           
(unused)                      0     FB3_10       (b)           
(unused)                      0     FB3_11       (b)           
(unused)                      0     FB3_12       (b)           
N_PZ_176                      2     FB3_13       (b)     (b)               
(unused)                      0     FB3_14  132  I/O           
Out_MemCellValue<1>_BUFR      17    FB3_15       (b)     (b)    +          
(unused)                      0     FB3_16  131  I/O           

Signals Used by Logic in Function Block
  1: In_Enable         14: Memory_4_1        27: N_PZ_191 
  2: MaxIndex<0>       15: Memory_5_1        28: N_PZ_196 
  3: MaxIndex<4>       16: Memory_6_1        29: N_PZ_197 
  4: Memory_0_1        17: Memory_7_1        30: N_PZ_198 
  5: Memory_10_1       18: Memory_8_1        31: N_PZ_199 
  6: Memory_11_1       19: Memory_9_1        32: N_PZ_200 
  7: Memory_12_1       20: N_PZ_177          33: N_PZ_201 
  8: Memory_13_1       21: N_PZ_178          34: N_PZ_207 
  9: Memory_14_1       22: N_PZ_179          35: N_PZ_208 
 10: Memory_15_1       23: N_PZ_180          36: N_PZ_215 
 11: Memory_1_1        24: N_PZ_186          37: N_PZ_218 
 12: Memory_2_1        25: N_PZ_188          38: Out_FullStack 
 13: Memory_3_1        26: N_PZ_190         

Signal                     1         2         3         4 FB      
Name             0----+----0----+----0----+----0----+----0 Inputs  
N_PZ_176          .XX................................XXX.. 5       
Out_MemCellValue<1>_BUFR 
                  X..XXXXXXXXXXXXXXXXXXXXXXXXXXXXXXXXX.... 34      
                 0----+----1----+----2----+----3----+----4
                           0         0         0         0
*********************************** FB4  ***********************************
This function block is part of I/O Bank number:               2
Number of function block inputs used/remaining:               34/6
Number of function block control terms used/remaining:        1/3
Number of PLA product terms used/remaining:                   17/39
Signal                        Total Loc     Pin  Pin     Pin   CTC CTR CTS CTE
Name                          Pt            No.  Type    Use   
(unused)                      0     FB4_1   11   I/O           
(unused)                      0     FB4_2   12   I/O           
(unused)                      0     FB4_3   13   I/O           
(unused)                      0     FB4_4   14   I/O           
(unused)                      0     FB4_5   15   I/O           
(unused)                      0     FB4_6   16   I/O           
(unused)                      0     FB4_7        (b)           
(unused)                      0     FB4_8        (b)           
(unused)                      0     FB4_9        (b)           
(unused)                      0     FB4_10       (b)           
(unused)                      0     FB4_11       (b)           
(unused)                      0     FB4_12  17   I/O           
(unused)                      0     FB4_13       (b)           
(unused)                      0     FB4_14  18   I/O           
(unused)                      0     FB4_15       (b)           
Out_MemCellValue<2>_BUFR      17    FB4_16       (b)     (b)    +          

Signals Used by Logic in Function Block
  1: In_Enable         13: Memory_5_2        24: N_PZ_190 
  2: Memory_0_2        14: Memory_6_2        25: N_PZ_191 
  3: Memory_10_2       15: Memory_7_2        26: N_PZ_196 
  4: Memory_11_2       16: Memory_8_2        27: N_PZ_197 
  5: Memory_12_2       17: Memory_9_2        28: N_PZ_198 
  6: Memory_13_2       18: N_PZ_177          29: N_PZ_199 
  7: Memory_14_2       19: N_PZ_178          30: N_PZ_200 
  8: Memory_15_2       20: N_PZ_179          31: N_PZ_201 
  9: Memory_1_2        21: N_PZ_180          32: N_PZ_207 
 10: Memory_2_2        22: N_PZ_186          33: N_PZ_208 
 11: Memory_3_2        23: N_PZ_188          34: N_PZ_215 
 12: Memory_4_2       

Signal                     1         2         3         4 FB      
Name             0----+----0----+----0----+----0----+----0 Inputs  
Out_MemCellValue<2>_BUFR 
                  XXXXXXXXXXXXXXXXXXXXXXXXXXXXXXXXXX...... 34      
                 0----+----1----+----2----+----3----+----4
                           0         0         0         0
*********************************** FB5  ***********************************
This function block is part of I/O Bank number:               1
Number of function block inputs used/remaining:               34/6
Number of function block control terms used/remaining:        1/3
Number of PLA product terms used/remaining:                   17/39
Signal                        Total Loc     Pin  Pin     Pin   CTC CTR CTS CTE
Name                          Pt            No.  Type    Use   
(unused)                      0     FB5_1        (b)           
(unused)                      0     FB5_2   33   I/O           
(unused)                      0     FB5_3        (b)           
(unused)                      0     FB5_4   32   GCK/I/O       
(unused)                      0     FB5_5   31   I/O           
(unused)                      0     FB5_6   30   GCK/I/O       
(unused)                      0     FB5_7        (b)           
(unused)                      0     FB5_8        (b)           
(unused)                      0     FB5_9        (b)           
(unused)                      0     FB5_10       (b)           
(unused)                      0     FB5_11       (b)           
(unused)                      0     FB5_12       (b)           
(unused)                      0     FB5_13       (b)           
(unused)                      0     FB5_14  28   I/O           
(unused)                      0     FB5_15       (b)           
Out_MemCellValue<3>_BUFR      17    FB5_16       (b)     (b)    +          

Signals Used by Logic in Function Block
  1: In_Enable         13: Memory_5_3        24: N_PZ_190 
  2: Memory_0_3        14: Memory_6_3        25: N_PZ_191 
  3: Memory_10_3       15: Memory_7_3        26: N_PZ_196 
  4: Memory_11_3       16: Memory_8_3        27: N_PZ_197 
  5: Memory_12_3       17: Memory_9_3        28: N_PZ_198 
  6: Memory_13_3       18: N_PZ_177          29: N_PZ_199 
  7: Memory_14_3       19: N_PZ_178          30: N_PZ_200 
  8: Memory_15_3       20: N_PZ_179          31: N_PZ_201 
  9: Memory_1_3        21: N_PZ_180          32: N_PZ_207 
 10: Memory_2_3        22: N_PZ_186          33: N_PZ_208 
 11: Memory_3_3        23: N_PZ_188          34: N_PZ_215 
 12: Memory_4_3       

Signal                     1         2         3         4 FB      
Name             0----+----0----+----0----+----0----+----0 Inputs  
Out_MemCellValue<3>_BUFR 
                  XXXXXXXXXXXXXXXXXXXXXXXXXXXXXXXXXX...... 34      
                 0----+----1----+----2----+----3----+----4
                           0         0         0         0
*********************************** FB6  ***********************************
This function block is part of I/O Bank number:               1
Number of function block inputs used/remaining:               5/35
Number of function block control terms used/remaining:        0/4
Number of PLA product terms used/remaining:                   16/40
Signal                        Total Loc     Pin  Pin     Pin   CTC CTR CTS CTE
Name                          Pt            No.  Type    Use   
N_PZ_208                      1     FB6_1   34   I/O     (b)               
N_PZ_207                      1     FB6_2   35   CDR/I/O (b)               
N_PZ_191                      1     FB6_3        (b)     (b)               
N_PZ_201                      1     FB6_4   38   GCK/I/O (b)               
N_PZ_190                      1     FB6_5        (b)     (b)               
N_PZ_188                      1     FB6_6        (b)     (b)               
N_PZ_186                      1     FB6_7        (b)     (b)               
N_PZ_180                      1     FB6_8        (b)     (b)               
N_PZ_179                      1     FB6_9        (b)     (b)               
N_PZ_178                      1     FB6_10       (b)     (b)               
N_PZ_177                      1     FB6_11       (b)     (b)               
N_PZ_200                      1     FB6_12  39   DGE/I/O I                 
N_PZ_199                      1     FB6_13  40   I/O     (b)               
N_PZ_198                      1     FB6_14  41   I/O     (b)               
N_PZ_197                      1     FB6_15  42   I/O     (b)               
N_PZ_196                      1     FB6_16  43   I/O     (b)               

Signals Used by Logic in Function Block
  1: MaxIndex<0>        3: MaxIndex<2>        5: MaxIndex<4> 
  2: MaxIndex<1>        4: MaxIndex<3>      

Signal                     1         2         3         4 FB      
Name             0----+----0----+----0----+----0----+----0 Inputs  
N_PZ_208          XXXXX................................... 5       
N_PZ_207          XXXXX................................... 5       
N_PZ_191          XXXXX................................... 5       
N_PZ_201          XXXXX................................... 5       
N_PZ_190          XXXXX................................... 5       
N_PZ_188          XXXXX................................... 5       
N_PZ_186          XXXXX................................... 5       
N_PZ_180          XXXXX................................... 5       
N_PZ_179          XXXXX................................... 5       
N_PZ_178          XXXXX................................... 5       
N_PZ_177          XXXXX................................... 5       
N_PZ_200          XXXXX................................... 5       
N_PZ_199          XXXXX................................... 5       
N_PZ_198          XXXXX................................... 5       
N_PZ_197          XXXXX................................... 5       
N_PZ_196          XXXXX................................... 5       
                 0----+----1----+----2----+----3----+----4
                           0         0         0         0
*********************************** FB7  ***********************************
This function block is part of I/O Bank number:               1
Number of function block inputs used/remaining:               26/14
Number of function block control terms used/remaining:        1/3
Number of PLA product terms used/remaining:                   47/9
Signal                        Total Loc     Pin  Pin     Pin   CTC CTR CTS CTE
Name                          Pt            No.  Type    Use   
Memory_8_2                    4     FB7_1        (b)     (b)    +          
Memory_9_2                    4     FB7_2        (b)     (b)    +          
Memory_15_2                   4     FB7_3        (b)     (b)    +          
Memory_14_2                   4     FB7_4        (b)     (b)    +          
Memory_11_3                   4     FB7_5   26   I/O     (b)    +          
Memory_10_3                   4     FB7_6   25   I/O     (b)    +          
Memory_13_2                   4     FB7_7        (b)     (b)    +          
Memory_12_2                   4     FB7_8        (b)     (b)    +          
Memory_11_2                   4     FB7_9        (b)     (b)    +          
Memory_10_2                   4     FB7_10       (b)     (b)    +          
Memory_2_2                    4     FB7_11  24   I/O     (b)    +          
Memory_3_2                    4     FB7_12  23   I/O     (b)    +          
Memory_4_2                    4     FB7_13  22   I/O     (b)    +          
Memory_5_2                    4     FB7_14  21   I/O     (b)    +          
Memory_6_2                    4     FB7_15  20   I/O     (b)    +          
Memory_7_2                    4     FB7_16  19   I/O     (b)    +          

Signals Used by Logic in Function Block
  1: In_Enable         10: Memory_11_3       19: Memory_5_2 
  2: MaxIndex<0>       11: Memory_12_2       20: Memory_6_2 
  3: MaxIndex<1>       12: Memory_13_2       21: Memory_7_2 
  4: MaxIndex<2>       13: Memory_14_2       22: Memory_8_2 
  5: MaxIndex<3>       14: Memory_15_2       23: Memory_9_2 
  6: MaxIndex<4>       15: Memory_1_2        24: Memory_9_3 
  7: Memory_10_2       16: Memory_2_2        25: N_PZ_214 
  8: Memory_10_3       17: Memory_3_2        26: N_PZ_215 
  9: Memory_11_2       18: Memory_4_2       

Signal                     1         2         3         4 FB      
Name             0----+----0----+----0----+----0----+----0 Inputs  
Memory_8_2        XXXXXX..............XX..XX.............. 10      
Memory_9_2        XXXXXX...............XX.XX.............. 10      
Memory_15_2       XXXXXX......XX..........XX.............. 10      
Memory_14_2       XXXXXX.....XX...........XX.............. 10      
Memory_11_3       XXXXXX.X.X..............XX.............. 10      
Memory_10_3       XXXXXX.X...............XXX.............. 10      
Memory_13_2       XXXXXX....XX............XX.............. 10      
Memory_12_2       XXXXXX..X.X.............XX.............. 10      
Memory_11_2       XXXXXXX.X...............XX.............. 10      
Memory_10_2       XXXXXXX...............X.XX.............. 10      
Memory_2_2        XXXXXX........XX........XX.............. 10      
Memory_3_2        XXXXXX.........XX.......XX.............. 10      
Memory_4_2        XXXXXX..........XX......XX.............. 10      
Memory_5_2        XXXXXX...........XX.....XX.............. 10      
Memory_6_2        XXXXXX............XX....XX.............. 10      
Memory_7_2        XXXXXX.............XX...XX.............. 10      
                 0----+----1----+----2----+----3----+----4
                           0         0         0         0
*********************************** FB8  ***********************************
This function block is part of I/O Bank number:               1
Number of function block inputs used/remaining:               27/13
Number of function block control terms used/remaining:        1/3
Number of PLA product terms used/remaining:                   45/11
Signal                        Total Loc     Pin  Pin     Pin   CTC CTR CTS CTE
Name                          Pt            No.  Type    Use   
Memory_9_3                    4     FB8_1   44   I/O     (b)    +          
Memory_8_3                    4     FB8_2   45   I/O     (b)    +          
Memory_7_3                    4     FB8_3   46   I/O     (b)    +          
Memory_15_3                   4     FB8_4        (b)     (b)    +          
Memory_6_3                    4     FB8_5   48   I/O     (b)    +          
Memory_5_3                    4     FB8_6   49   I/O     (b)    +          
Memory_14_3                   4     FB8_7        (b)     (b)    +          
Memory_13_3                   4     FB8_8        (b)     (b)    +          
Memory_12_3                   4     FB8_9        (b)     (b)    +          
Memory_15_1                   4     FB8_10       (b)     (b)    +          
Memory_4_3                    4     FB8_11  50   I/O     (b)    +          
Memory_3_3                    4     FB8_12  51   I/O     (b)    +          
Memory_2_3                    4     FB8_13  52   I/O     (b)    +          
Memory_14_1                   4     FB8_14       (b)     (b)    +          
Memory_13_1                   4     FB8_15       (b)     (b)    +          
Memory_12_1                   4     FB8_16       (b)     (b)    +          

Signals Used by Logic in Function Block
  1: In_Enable         10: Memory_12_3       19: Memory_3_3 
  2: MaxIndex<0>       11: Memory_13_1       20: Memory_4_3 
  3: MaxIndex<1>       12: Memory_13_3       21: Memory_5_3 
  4: MaxIndex<2>       13: Memory_14_1       22: Memory_6_3 
  5: MaxIndex<3>       14: Memory_14_3       23: Memory_7_3 
  6: MaxIndex<4>       15: Memory_15_1       24: Memory_8_3 
  7: Memory_11_1       16: Memory_15_3       25: Memory_9_3 
  8: Memory_11_3       17: Memory_1_3        26: N_PZ_214 
  9: Memory_12_1       18: Memory_2_3        27: N_PZ_215 

Signal                     1         2         3         4 FB      
Name             0----+----0----+----0----+----0----+----0 Inputs  
Memory_9_3        XXXXXX.................XXXX............. 10      
Memory_8_3        XXXXXX................XX.XX............. 10      
Memory_7_3        XXXXXX...............XX..XX............. 10      
Memory_15_3       XXXXXX.......X.X.........XX............. 10      
Memory_6_3        XXXXXX..............XX...XX............. 10      
Memory_5_3        XXXXXX.............XX....XX............. 10      
Memory_14_3       XXXXXX.....X.X...........XX............. 10      
Memory_13_3       XXXXXX...X.X.............XX............. 10      
Memory_12_3       XXXXXX.X.X...............XX............. 10      
Memory_15_1       XXXXXX......X.X..........XX............. 10      
Memory_4_3        XXXXXX............XX.....XX............. 10      
Memory_3_3        XXXXXX...........XX......XX............. 10      
Memory_2_3        XXXXXX..........XX.......XX............. 10      
Memory_14_1       XXXXXX....X.X............XX............. 10      
Memory_13_1       XXXXXX..X.X..............XX............. 10      
Memory_12_1       XXXXXXX.X................XX............. 10      
                 0----+----1----+----2----+----3----+----4
                           0         0         0         0
*********************************** FB9  ***********************************
This function block is part of I/O Bank number:               2
Number of function block inputs used/remaining:               37/3
Number of function block control terms used/remaining:        1/3
Number of PLA product terms used/remaining:                   20/36
Signal                        Total Loc     Pin  Pin     Pin   CTC CTR CTS CTE
Name                          Pt            No.  Type    Use   
(unused)                      0     FB9_1   112  I/O           
Out_MemCellValue<0>           17    FB9_2   113  I/O     O      +          
(unused)                      0     FB9_3        (b)           
(unused)                      0     FB9_4   114  I/O           
(unused)                      0     FB9_5        (b)           
Out_MemCellValue<1>           1     FB9_6   115  I/O     O                 
(unused)                      0     FB9_7        (b)           
(unused)                      0     FB9_8        (b)           
(unused)                      0     FB9_9        (b)           
(unused)                      0     FB9_10       (b)           
(unused)                      0     FB9_11       (b)           
(unused)                      0     FB9_12  116  I/O           
Out_MemCellValue<2>           1     FB9_13  117  I/O     O                 
(unused)                      0     FB9_14  118  I/O           
Out_MemCellValue<3>           1     FB9_15  119  I/O     O                 
(unused)                      0     FB9_16       (b)           

Signals Used by Logic in Function Block
  1: In_Enable         14: Memory_6_0        26: N_PZ_196 
  2: Memory_0_0        15: Memory_7_0        27: N_PZ_197 
  3: Memory_10_0       16: Memory_8_0        28: N_PZ_198 
  4: Memory_11_0       17: Memory_9_0        29: N_PZ_199 
  5: Memory_12_0       18: N_PZ_177          30: N_PZ_200 
  6: Memory_13_0       19: N_PZ_178          31: N_PZ_201 
  7: Memory_14_0       20: N_PZ_179          32: N_PZ_207 
  8: Memory_15_0       21: N_PZ_180          33: N_PZ_208 
  9: Memory_1_0        22: N_PZ_186          34: N_PZ_215 
 10: Memory_2_0        23: N_PZ_188          35: Out_MemCellValue<1>_BUFR 
 11: Memory_3_0        24: N_PZ_190          36: Out_MemCellValue<2>_BUFR 
 12: Memory_4_0        25: N_PZ_191          37: Out_MemCellValue<3>_BUFR 
 13: Memory_5_0       

Signal                     1         2         3         4 FB      
Name             0----+----0----+----0----+----0----+----0 Inputs  
Out_MemCellValue<0> 
                  XXXXXXXXXXXXXXXXXXXXXXXXXXXXXXXXXX...... 34      
Out_MemCellValue<1> 
                  ..................................X..... 1       
Out_MemCellValue<2> 
                  ...................................X.... 1       
Out_MemCellValue<3> 
                  ....................................X... 1       
                 0----+----1----+----2----+----3----+----4
                           0         0         0         0
*********************************** FB10 ***********************************
This function block is part of I/O Bank number:               2
Number of function block inputs used/remaining:               20/20
Number of function block control terms used/remaining:        1/3
Number of PLA product terms used/remaining:                   26/30
Signal                        Total Loc     Pin  Pin     Pin   CTC CTR CTS CTE
Name                          Pt            No.  Type    Use   
(unused)                      0     FB10_1  111  I/O           
(unused)                      0     FB10_2  110  I/O           
(unused)                      0     FB10_3  107  I/O           
(unused)                      0     FB10_4  106  I/O           
(unused)                      0     FB10_5  105  I/O           
Out_BtnValue<3>               1     FB10_6  104  I/O     O                 
Memory_8_1                    4     FB10_7       (b)     (b)    +          
Memory_7_1                    4     FB10_8       (b)     (b)    +          
Memory_6_1                    4     FB10_9       (b)     (b)    +          
Memory_5_1                    4     FB10_10      (b)     (b)    +          
Memory_4_1                    4     FB10_11      (b)     (b)    +          
(unused)                      0     FB10_12 103  I/O           
Memory_3_1                    4     FB10_13      (b)     (b)    +          
Out_BtnValue<2>               1     FB10_14 102  I/O     O                 
N_PZ_214                      2     FB10_15      (b)     (b)               
Memory_9_1                    4     FB10_16 101  I/O     (b)    +          

Signals Used by Logic in Function Block
  1: In_BtnValue<2>     8: MaxIndex<4>       15: Memory_8_1 
  2: In_BtnValue<3>     9: Memory_2_1        16: Memory_9_1 
  3: In_Enable         10: Memory_3_1        17: N_PZ_214 
  4: MaxIndex<0>       11: Memory_4_1        18: N_PZ_215 
  5: MaxIndex<1>       12: Memory_5_1        19: N_PZ_218 
  6: MaxIndex<2>       13: Memory_6_1        20: Out_FullStack 
  7: MaxIndex<3>       14: Memory_7_1       

Signal                     1         2         3         4 FB      
Name             0----+----0----+----0----+----0----+----0 Inputs  
Out_BtnValue<3>   .X...................................... 1       
Memory_8_1        ..XXXXXX.....XX.XX...................... 10      
Memory_7_1        ..XXXXXX....XX..XX...................... 10      
Memory_6_1        ..XXXXXX...XX...XX...................... 10      
Memory_5_1        ..XXXXXX..XX....XX...................... 10      
Memory_4_1        ..XXXXXX.XX.....XX...................... 10      
Memory_3_1        ..XXXXXXXX......XX...................... 10      
Out_BtnValue<2>   X....................................... 1       
N_PZ_214          ...XXXXX..........XX.................... 7       
Memory_9_1        ..XXXXXX......XXXX...................... 10      
                 0----+----1----+----2----+----3----+----4
                           0         0         0         0
*********************************** FB11 ***********************************
This function block is part of I/O Bank number:               2
Number of function block inputs used/remaining:               0/40
Number of function block control terms used/remaining:        0/4
Number of PLA product terms used/remaining:                   0/56
Signal                        Total Loc     Pin  Pin     Pin   CTC CTR CTS CTE
Name                          Pt            No.  Type    Use   
(unused)                      0     FB11_1       (b)           
(unused)                      0     FB11_2       (b)           
(unused)                      0     FB11_3       (b)           
(unused)                      0     FB11_4       (b)           
(unused)                      0     FB11_5  120  I/O           
(unused)                      0     FB11_6  121  I/O           
(unused)                      0     FB11_7       (b)           
(unused)                      0     FB11_8       (b)           
(unused)                      0     FB11_9       (b)           
(unused)                      0     FB11_10      (b)           
(unused)                      0     FB11_11 124  I/O           
(unused)                      0     FB11_12 125  I/O           
(unused)                      0     FB11_13 126  I/O           
(unused)                      0     FB11_14 128  I/O           
(unused)                      0     FB11_15 129  I/O           
(unused)                      0     FB11_16 130  I/O           
*********************************** FB12 ***********************************
This function block is part of I/O Bank number:               2
Number of function block inputs used/remaining:               2/38
Number of function block control terms used/remaining:        0/4
Number of PLA product terms used/remaining:                   2/54
Signal                        Total Loc     Pin  Pin     Pin   CTC CTR CTS CTE
Name                          Pt            No.  Type    Use   
(unused)                      0     FB12_1       (b)           
Out_BtnValue<1>               1     FB12_2  100  I/O     O                 
(unused)                      0     FB12_3       (b)           
(unused)                      0     FB12_4       (b)           
(unused)                      0     FB12_5       (b)           
(unused)                      0     FB12_6       (b)           
(unused)                      0     FB12_7       (b)           
(unused)                      0     FB12_8       (b)           
(unused)                      0     FB12_9       (b)           
(unused)                      0     FB12_10      (b)           
(unused)                      0     FB12_11 98   I/O           
Out_BtnValue<0>               1     FB12_12 97   I/O     O                 
(unused)                      0     FB12_13 96   I/O           
(unused)                      0     FB12_14 95   I/O           
(unused)                      0     FB12_15 94   I/O     I     
(unused)                      0     FB12_16      (b)           

Signals Used by Logic in Function Block
  1: In_BtnValue<0>     2: In_BtnValue<1>   

Signal                     1         2         3         4 FB      
Name             0----+----0----+----0----+----0----+----0 Inputs  
Out_BtnValue<1>   .X...................................... 1       
Out_BtnValue<0>   X....................................... 1       
                 0----+----1----+----2----+----3----+----4
                           0         0         0         0
*********************************** FB13 ***********************************
This function block is part of I/O Bank number:               1
Number of function block inputs used/remaining:               0/40
Number of function block control terms used/remaining:        0/4
Number of PLA product terms used/remaining:                   0/56
Signal                        Total Loc     Pin  Pin     Pin   CTC CTR CTS CTE
Name                          Pt            No.  Type    Use   
(unused)                      0     FB13_1  75   I/O           
(unused)                      0     FB13_2  76   I/O           
(unused)                      0     FB13_3  77   I/O           
(unused)                      0     FB13_4       (b)           
(unused)                      0     FB13_5  78   I/O           
(unused)                      0     FB13_6  79   I/O           
(unused)                      0     FB13_7       (b)           
(unused)                      0     FB13_8       (b)           
(unused)                      0     FB13_9       (b)           
(unused)                      0     FB13_10      (b)           
(unused)                      0     FB13_11      (b)           
(unused)                      0     FB13_12 80   I/O           
(unused)                      0     FB13_13 81   I/O           
(unused)                      0     FB13_14 82   I/O           
(unused)                      0     FB13_15      (b)           
(unused)                      0     FB13_16      (b)           
*********************************** FB14 ***********************************
This function block is part of I/O Bank number:               1
Number of function block inputs used/remaining:               4/36
Number of function block control terms used/remaining:        1/3
Number of PLA product terms used/remaining:                   3/53
Signal                        Total Loc     Pin  Pin     Pin   CTC CTR CTS CTE
Name                          Pt            No.  Type    Use   
(unused)                      0     FB14_1  74   I/O           
(unused)                      0     FB14_2  71   I/O           
(unused)                      0     FB14_3  70   I/O           
Out_FullStack                 3     FB14_4  69   I/O     O      +          
(unused)                      0     FB14_5       (b)           
(unused)                      0     FB14_6  68   I/O           
(unused)                      0     FB14_7       (b)           
(unused)                      0     FB14_8       (b)           
(unused)                      0     FB14_9       (b)           
(unused)                      0     FB14_10      (b)           
(unused)                      0     FB14_11      (b)           
(unused)                      0     FB14_12      (b)           
(unused)                      0     FB14_13 66   I/O           
(unused)                      0     FB14_14 64   I/O           
(unused)                      0     FB14_15      (b)           
(unused)                      0     FB14_16 61   I/O           

Signals Used by Logic in Function Block
  1: In_Enable          3: N_PZ_218           4: Out_FullStack 
  2: N_PZ_177         

Signal                     1         2         3         4 FB      
Name             0----+----0----+----0----+----0----+----0 Inputs  
Out_FullStack     XXXX.................................... 4       
                 0----+----1----+----2----+----3----+----4
                           0         0         0         0
*********************************** FB15 ***********************************
This function block is part of I/O Bank number:               1
Number of function block inputs used/remaining:               0/40
Number of function block control terms used/remaining:        0/4
Number of PLA product terms used/remaining:                   0/56
Signal                        Total Loc     Pin  Pin     Pin   CTC CTR CTS CTE
Name                          Pt            No.  Type    Use   
(unused)                      0     FB15_1       (b)           
(unused)                      0     FB15_2  83   I/O           
(unused)                      0     FB15_3       (b)           
(unused)                      0     FB15_4       (b)           
(unused)                      0     FB15_5       (b)           
(unused)                      0     FB15_6       (b)           
(unused)                      0     FB15_7       (b)           
(unused)                      0     FB15_8       (b)           
(unused)                      0     FB15_9       (b)           
(unused)                      0     FB15_10      (b)           
(unused)                      0     FB15_11 85   I/O           
(unused)                      0     FB15_12 86   I/O           
(unused)                      0     FB15_13 87   I/O           
(unused)                      0     FB15_14 88   I/O           
(unused)                      0     FB15_15 91   I/O           
(unused)                      0     FB15_16 92   I/O           
*********************************** FB16 ***********************************
This function block is part of I/O Bank number:               1
Number of function block inputs used/remaining:               0/40
Number of function block control terms used/remaining:        0/4
Number of PLA product terms used/remaining:                   0/56
Signal                        Total Loc     Pin  Pin     Pin   CTC CTR CTS CTE
Name                          Pt            No.  Type    Use   
(unused)                      0     FB16_1       (b)           
(unused)                      0     FB16_2       (b)           
(unused)                      0     FB16_3       (b)           
(unused)                      0     FB16_4       (b)           
(unused)                      0     FB16_5  60   I/O           
(unused)                      0     FB16_6  59   I/O           
(unused)                      0     FB16_7       (b)           
(unused)                      0     FB16_8       (b)           
(unused)                      0     FB16_9       (b)           
(unused)                      0     FB16_10      (b)           
(unused)                      0     FB16_11 58   I/O           
(unused)                      0     FB16_12 57   I/O           
(unused)                      0     FB16_13 56   I/O           
(unused)                      0     FB16_14      (b)           
(unused)                      0     FB16_15 54   I/O           
(unused)                      0     FB16_16 53   I/O           
*******************************  Equations  ********************************

********** Mapped Logic **********

LDCP_MaxIndex0: LDCP port map (MaxIndex(0),MaxIndex_D(0),In_Enable,'0','0');
MaxIndex_D(0) <= ((N_PZ_176 AND NOT In_Write)
	OR (NOT N_PZ_176 AND MaxIndex(0) AND NOT N_PZ_215)
	OR (NOT Out_FullStack AND NOT N_PZ_176 AND NOT MaxIndex(4) AND 
	N_PZ_218));

LDCP_MaxIndex1: LDCP port map (MaxIndex(1),MaxIndex_D(1),In_Enable,'0','0');
MaxIndex_D(1) <= ((MaxIndex(1) AND NOT N_PZ_176)
	OR (NOT MaxIndex(1) AND N_PZ_176));

LDCP_MaxIndex2: LDCP port map (MaxIndex(2),MaxIndex_D(2),In_Enable,'0','0');
MaxIndex_D(2) <= ((MaxIndex(2) AND NOT N_PZ_176)
	OR (MaxIndex(2) AND MaxIndex(1) AND NOT MaxIndex(0))
	OR (MaxIndex(2) AND NOT MaxIndex(1) AND MaxIndex(0))
	OR (NOT MaxIndex(2) AND NOT MaxIndex(1) AND NOT MaxIndex(0) AND 
	N_PZ_215)
	OR (NOT Out_FullStack AND NOT MaxIndex(2) AND MaxIndex(1) AND 
	NOT MaxIndex(4) AND MaxIndex(0) AND N_PZ_218));

LDCP_MaxIndex3: LDCP port map (MaxIndex(3),MaxIndex_D(3),In_Enable,'0','0');
MaxIndex_D(3) <= ((MaxIndex(3) AND NOT N_PZ_176)
	OR (NOT Out_FullStack AND N_PZ_218 AND N_PZ_178)
	OR (MaxIndex(3) AND MaxIndex(2) AND NOT MaxIndex(0))
	OR (MaxIndex(3) AND NOT MaxIndex(2) AND NOT N_PZ_215)
	OR (MaxIndex(3) AND MaxIndex(1) AND NOT MaxIndex(0))
	OR (MaxIndex(3) AND NOT MaxIndex(1) AND NOT N_PZ_215)
	OR (NOT MaxIndex(3) AND NOT MaxIndex(2) AND NOT MaxIndex(1) AND 
	NOT MaxIndex(0) AND N_PZ_215));

LDCP_MaxIndex4: LDCP port map (MaxIndex(4),MaxIndex_D(4),In_Enable,'0','0');
MaxIndex_D(4) <= ((NOT N_PZ_177 AND MaxIndex(4))
	OR (MaxIndex(4) AND NOT N_PZ_215)
	OR (NOT Out_FullStack AND N_PZ_218 AND N_PZ_179)
	OR (NOT N_PZ_177 AND NOT MaxIndex(3) AND NOT MaxIndex(2) AND 
	NOT MaxIndex(1) AND NOT MaxIndex(0) AND N_PZ_215));

LDCP_Memory_0_0: LDCP port map (Memory_0_0,Memory_0_0_D,In_Enable,'0','0');
Memory_0_0_D <= NOT (((NOT In_BtnValue(0) AND N_PZ_218)
	OR (NOT N_PZ_218 AND NOT Memory_0_0)
	OR (NOT MaxIndex(3) AND NOT MaxIndex(2) AND NOT MaxIndex(1) AND 
	NOT MaxIndex(4) AND MaxIndex(0) AND N_PZ_215)));

LDCP_Memory_0_1: LDCP port map (Memory_0_1,Memory_0_1_D,In_Enable,'0','0');
Memory_0_1_D <= NOT (((NOT In_BtnValue(1) AND N_PZ_218)
	OR (NOT N_PZ_218 AND NOT Memory_0_1)
	OR (NOT MaxIndex(3) AND NOT MaxIndex(2) AND NOT MaxIndex(1) AND 
	NOT MaxIndex(4) AND MaxIndex(0) AND N_PZ_215)));

LDCP_Memory_0_2: LDCP port map (Memory_0_2,Memory_0_2_D,In_Enable,'0','0');
Memory_0_2_D <= NOT (((NOT In_BtnValue(2) AND N_PZ_218)
	OR (NOT N_PZ_218 AND NOT Memory_0_2)
	OR (NOT MaxIndex(3) AND NOT MaxIndex(2) AND NOT MaxIndex(1) AND 
	NOT MaxIndex(4) AND MaxIndex(0) AND N_PZ_215)));

LDCP_Memory_0_3: LDCP port map (Memory_0_3,Memory_0_3_D,In_Enable,'0','0');
Memory_0_3_D <= NOT (((NOT In_BtnValue(3) AND N_PZ_218)
	OR (NOT N_PZ_218 AND NOT Memory_0_3)
	OR (NOT MaxIndex(3) AND NOT MaxIndex(2) AND NOT MaxIndex(1) AND 
	NOT MaxIndex(4) AND MaxIndex(0) AND N_PZ_215)));

LDCP_Memory_10_0: LDCP port map (Memory_10_0,Memory_10_0_D,In_Enable,'0','0');
Memory_10_0_D <= NOT (((N_PZ_214 AND NOT Memory_10_0)
	OR (NOT N_PZ_214 AND NOT Memory_9_0)
	OR (MaxIndex(3) AND NOT MaxIndex(2) AND MaxIndex(1) AND 
	NOT MaxIndex(4) AND MaxIndex(0) AND N_PZ_215)));

LDCP_Memory_10_1: LDCP port map (Memory_10_1,Memory_10_1_D,In_Enable,'0','0');
Memory_10_1_D <= NOT (((N_PZ_214 AND NOT Memory_10_1)
	OR (NOT N_PZ_214 AND NOT Memory_9_1)
	OR (MaxIndex(3) AND NOT MaxIndex(2) AND MaxIndex(1) AND 
	NOT MaxIndex(4) AND MaxIndex(0) AND N_PZ_215)));

LDCP_Memory_10_2: LDCP port map (Memory_10_2,Memory_10_2_D,In_Enable,'0','0');
Memory_10_2_D <= NOT (((N_PZ_214 AND NOT Memory_10_2)
	OR (NOT N_PZ_214 AND NOT Memory_9_2)
	OR (MaxIndex(3) AND NOT MaxIndex(2) AND MaxIndex(1) AND 
	NOT MaxIndex(4) AND MaxIndex(0) AND N_PZ_215)));

LDCP_Memory_10_3: LDCP port map (Memory_10_3,Memory_10_3_D,In_Enable,'0','0');
Memory_10_3_D <= NOT (((N_PZ_214 AND NOT Memory_10_3)
	OR (NOT N_PZ_214 AND NOT Memory_9_3)
	OR (MaxIndex(3) AND NOT MaxIndex(2) AND MaxIndex(1) AND 
	NOT MaxIndex(4) AND MaxIndex(0) AND N_PZ_215)));

LDCP_Memory_11_0: LDCP port map (Memory_11_0,Memory_11_0_D,In_Enable,'0','0');
Memory_11_0_D <= NOT (((N_PZ_214 AND NOT Memory_11_0)
	OR (NOT N_PZ_214 AND NOT Memory_10_0)
	OR (MaxIndex(3) AND MaxIndex(2) AND NOT MaxIndex(1) AND 
	NOT MaxIndex(4) AND NOT MaxIndex(0) AND N_PZ_215)));

LDCP_Memory_11_1: LDCP port map (Memory_11_1,Memory_11_1_D,In_Enable,'0','0');
Memory_11_1_D <= NOT (((N_PZ_214 AND NOT Memory_11_1)
	OR (NOT N_PZ_214 AND NOT Memory_10_1)
	OR (MaxIndex(3) AND MaxIndex(2) AND NOT MaxIndex(1) AND 
	NOT MaxIndex(4) AND NOT MaxIndex(0) AND N_PZ_215)));

LDCP_Memory_11_2: LDCP port map (Memory_11_2,Memory_11_2_D,In_Enable,'0','0');
Memory_11_2_D <= NOT (((N_PZ_214 AND NOT Memory_11_2)
	OR (NOT N_PZ_214 AND NOT Memory_10_2)
	OR (MaxIndex(3) AND MaxIndex(2) AND NOT MaxIndex(1) AND 
	NOT MaxIndex(4) AND NOT MaxIndex(0) AND N_PZ_215)));

LDCP_Memory_11_3: LDCP port map (Memory_11_3,Memory_11_3_D,In_Enable,'0','0');
Memory_11_3_D <= NOT (((N_PZ_214 AND NOT Memory_11_3)
	OR (NOT N_PZ_214 AND NOT Memory_10_3)
	OR (MaxIndex(3) AND MaxIndex(2) AND NOT MaxIndex(1) AND 
	NOT MaxIndex(4) AND NOT MaxIndex(0) AND N_PZ_215)));

LDCP_Memory_12_0: LDCP port map (Memory_12_0,Memory_12_0_D,In_Enable,'0','0');
Memory_12_0_D <= NOT (((N_PZ_214 AND NOT Memory_12_0)
	OR (NOT N_PZ_214 AND NOT Memory_11_0)
	OR (MaxIndex(3) AND MaxIndex(2) AND NOT MaxIndex(1) AND 
	NOT MaxIndex(4) AND MaxIndex(0) AND N_PZ_215)));

LDCP_Memory_12_1: LDCP port map (Memory_12_1,Memory_12_1_D,In_Enable,'0','0');
Memory_12_1_D <= NOT (((N_PZ_214 AND NOT Memory_12_1)
	OR (NOT N_PZ_214 AND NOT Memory_11_1)
	OR (MaxIndex(3) AND MaxIndex(2) AND NOT MaxIndex(1) AND 
	NOT MaxIndex(4) AND MaxIndex(0) AND N_PZ_215)));

LDCP_Memory_12_2: LDCP port map (Memory_12_2,Memory_12_2_D,In_Enable,'0','0');
Memory_12_2_D <= NOT (((N_PZ_214 AND NOT Memory_12_2)
	OR (NOT N_PZ_214 AND NOT Memory_11_2)
	OR (MaxIndex(3) AND MaxIndex(2) AND NOT MaxIndex(1) AND 
	NOT MaxIndex(4) AND MaxIndex(0) AND N_PZ_215)));

LDCP_Memory_12_3: LDCP port map (Memory_12_3,Memory_12_3_D,In_Enable,'0','0');
Memory_12_3_D <= NOT (((N_PZ_214 AND NOT Memory_12_3)
	OR (NOT N_PZ_214 AND NOT Memory_11_3)
	OR (MaxIndex(3) AND MaxIndex(2) AND NOT MaxIndex(1) AND 
	NOT MaxIndex(4) AND MaxIndex(0) AND N_PZ_215)));

LDCP_Memory_13_0: LDCP port map (Memory_13_0,Memory_13_0_D,In_Enable,'0','0');
Memory_13_0_D <= NOT (((N_PZ_214 AND NOT Memory_13_0)
	OR (NOT N_PZ_214 AND NOT Memory_12_0)
	OR (MaxIndex(3) AND MaxIndex(2) AND MaxIndex(1) AND 
	NOT MaxIndex(4) AND NOT MaxIndex(0) AND N_PZ_215)));

LDCP_Memory_13_1: LDCP port map (Memory_13_1,Memory_13_1_D,In_Enable,'0','0');
Memory_13_1_D <= NOT (((N_PZ_214 AND NOT Memory_13_1)
	OR (NOT N_PZ_214 AND NOT Memory_12_1)
	OR (MaxIndex(3) AND MaxIndex(2) AND MaxIndex(1) AND 
	NOT MaxIndex(4) AND NOT MaxIndex(0) AND N_PZ_215)));

LDCP_Memory_13_2: LDCP port map (Memory_13_2,Memory_13_2_D,In_Enable,'0','0');
Memory_13_2_D <= NOT (((N_PZ_214 AND NOT Memory_13_2)
	OR (NOT N_PZ_214 AND NOT Memory_12_2)
	OR (MaxIndex(3) AND MaxIndex(2) AND MaxIndex(1) AND 
	NOT MaxIndex(4) AND NOT MaxIndex(0) AND N_PZ_215)));

LDCP_Memory_13_3: LDCP port map (Memory_13_3,Memory_13_3_D,In_Enable,'0','0');
Memory_13_3_D <= NOT (((N_PZ_214 AND NOT Memory_13_3)
	OR (NOT N_PZ_214 AND NOT Memory_12_3)
	OR (MaxIndex(3) AND MaxIndex(2) AND MaxIndex(1) AND 
	NOT MaxIndex(4) AND NOT MaxIndex(0) AND N_PZ_215)));

LDCP_Memory_14_0: LDCP port map (Memory_14_0,Memory_14_0_D,In_Enable,'0','0');
Memory_14_0_D <= NOT (((N_PZ_214 AND NOT Memory_14_0)
	OR (NOT N_PZ_214 AND NOT Memory_13_0)
	OR (MaxIndex(3) AND MaxIndex(2) AND MaxIndex(1) AND 
	NOT MaxIndex(4) AND MaxIndex(0) AND N_PZ_215)));

LDCP_Memory_14_1: LDCP port map (Memory_14_1,Memory_14_1_D,In_Enable,'0','0');
Memory_14_1_D <= NOT (((N_PZ_214 AND NOT Memory_14_1)
	OR (NOT N_PZ_214 AND NOT Memory_13_1)
	OR (MaxIndex(3) AND MaxIndex(2) AND MaxIndex(1) AND 
	NOT MaxIndex(4) AND MaxIndex(0) AND N_PZ_215)));

LDCP_Memory_14_2: LDCP port map (Memory_14_2,Memory_14_2_D,In_Enable,'0','0');
Memory_14_2_D <= NOT (((N_PZ_214 AND NOT Memory_14_2)
	OR (NOT N_PZ_214 AND NOT Memory_13_2)
	OR (MaxIndex(3) AND MaxIndex(2) AND MaxIndex(1) AND 
	NOT MaxIndex(4) AND MaxIndex(0) AND N_PZ_215)));

LDCP_Memory_14_3: LDCP port map (Memory_14_3,Memory_14_3_D,In_Enable,'0','0');
Memory_14_3_D <= NOT (((N_PZ_214 AND NOT Memory_14_3)
	OR (NOT N_PZ_214 AND NOT Memory_13_3)
	OR (MaxIndex(3) AND MaxIndex(2) AND MaxIndex(1) AND 
	NOT MaxIndex(4) AND MaxIndex(0) AND N_PZ_215)));

LDCP_Memory_15_0: LDCP port map (Memory_15_0,Memory_15_0_D,In_Enable,'0','0');
Memory_15_0_D <= NOT (((NOT Memory_15_0 AND N_PZ_214)
	OR (NOT N_PZ_214 AND NOT Memory_14_0)
	OR (NOT MaxIndex(3) AND NOT MaxIndex(2) AND NOT MaxIndex(1) AND 
	MaxIndex(4) AND NOT MaxIndex(0) AND N_PZ_215)));

LDCP_Memory_15_1: LDCP port map (Memory_15_1,Memory_15_1_D,In_Enable,'0','0');
Memory_15_1_D <= NOT (((N_PZ_214 AND NOT Memory_15_1)
	OR (NOT N_PZ_214 AND NOT Memory_14_1)
	OR (NOT MaxIndex(3) AND NOT MaxIndex(2) AND NOT MaxIndex(1) AND 
	MaxIndex(4) AND NOT MaxIndex(0) AND N_PZ_215)));

LDCP_Memory_15_2: LDCP port map (Memory_15_2,Memory_15_2_D,In_Enable,'0','0');
Memory_15_2_D <= NOT (((N_PZ_214 AND NOT Memory_15_2)
	OR (NOT N_PZ_214 AND NOT Memory_14_2)
	OR (NOT MaxIndex(3) AND NOT MaxIndex(2) AND NOT MaxIndex(1) AND 
	MaxIndex(4) AND NOT MaxIndex(0) AND N_PZ_215)));

LDCP_Memory_15_3: LDCP port map (Memory_15_3,Memory_15_3_D,In_Enable,'0','0');
Memory_15_3_D <= NOT (((N_PZ_214 AND NOT Memory_15_3)
	OR (NOT N_PZ_214 AND NOT Memory_14_3)
	OR (NOT MaxIndex(3) AND NOT MaxIndex(2) AND NOT MaxIndex(1) AND 
	MaxIndex(4) AND NOT MaxIndex(0) AND N_PZ_215)));

LDCP_Memory_1_0: LDCP port map (Memory_1_0,Memory_1_0_D,In_Enable,'0','0');
Memory_1_0_D <= NOT (((N_PZ_214 AND NOT Memory_1_0)
	OR (NOT N_PZ_214 AND NOT Memory_0_0)
	OR (NOT MaxIndex(3) AND NOT MaxIndex(2) AND MaxIndex(1) AND 
	NOT MaxIndex(4) AND NOT MaxIndex(0) AND N_PZ_215)));

LDCP_Memory_1_1: LDCP port map (Memory_1_1,Memory_1_1_D,In_Enable,'0','0');
Memory_1_1_D <= NOT (((N_PZ_214 AND NOT Memory_1_1)
	OR (NOT N_PZ_214 AND NOT Memory_0_1)
	OR (NOT MaxIndex(3) AND NOT MaxIndex(2) AND MaxIndex(1) AND 
	NOT MaxIndex(4) AND NOT MaxIndex(0) AND N_PZ_215)));

LDCP_Memory_1_2: LDCP port map (Memory_1_2,Memory_1_2_D,In_Enable,'0','0');
Memory_1_2_D <= NOT (((N_PZ_214 AND NOT Memory_1_2)
	OR (NOT N_PZ_214 AND NOT Memory_0_2)
	OR (NOT MaxIndex(3) AND NOT MaxIndex(2) AND MaxIndex(1) AND 
	NOT MaxIndex(4) AND NOT MaxIndex(0) AND N_PZ_215)));

LDCP_Memory_1_3: LDCP port map (Memory_1_3,Memory_1_3_D,In_Enable,'0','0');
Memory_1_3_D <= NOT (((N_PZ_214 AND NOT Memory_1_3)
	OR (NOT N_PZ_214 AND NOT Memory_0_3)
	OR (NOT MaxIndex(3) AND NOT MaxIndex(2) AND MaxIndex(1) AND 
	NOT MaxIndex(4) AND NOT MaxIndex(0) AND N_PZ_215)));

LDCP_Memory_2_0: LDCP port map (Memory_2_0,Memory_2_0_D,In_Enable,'0','0');
Memory_2_0_D <= NOT (((N_PZ_214 AND NOT Memory_2_0)
	OR (NOT N_PZ_214 AND NOT Memory_1_0)
	OR (NOT MaxIndex(3) AND NOT MaxIndex(2) AND MaxIndex(1) AND 
	NOT MaxIndex(4) AND MaxIndex(0) AND N_PZ_215)));

LDCP_Memory_2_1: LDCP port map (Memory_2_1,Memory_2_1_D,In_Enable,'0','0');
Memory_2_1_D <= NOT (((N_PZ_214 AND NOT Memory_2_1)
	OR (NOT N_PZ_214 AND NOT Memory_1_1)
	OR (NOT MaxIndex(3) AND NOT MaxIndex(2) AND MaxIndex(1) AND 
	NOT MaxIndex(4) AND MaxIndex(0) AND N_PZ_215)));

LDCP_Memory_2_2: LDCP port map (Memory_2_2,Memory_2_2_D,In_Enable,'0','0');
Memory_2_2_D <= NOT (((N_PZ_214 AND NOT Memory_2_2)
	OR (NOT N_PZ_214 AND NOT Memory_1_2)
	OR (NOT MaxIndex(3) AND NOT MaxIndex(2) AND MaxIndex(1) AND 
	NOT MaxIndex(4) AND MaxIndex(0) AND N_PZ_215)));

LDCP_Memory_2_3: LDCP port map (Memory_2_3,Memory_2_3_D,In_Enable,'0','0');
Memory_2_3_D <= NOT (((N_PZ_214 AND NOT Memory_2_3)
	OR (NOT N_PZ_214 AND NOT Memory_1_3)
	OR (NOT MaxIndex(3) AND NOT MaxIndex(2) AND MaxIndex(1) AND 
	NOT MaxIndex(4) AND MaxIndex(0) AND N_PZ_215)));

LDCP_Memory_3_0: LDCP port map (Memory_3_0,Memory_3_0_D,In_Enable,'0','0');
Memory_3_0_D <= NOT (((N_PZ_214 AND NOT Memory_3_0)
	OR (NOT N_PZ_214 AND NOT Memory_2_0)
	OR (NOT MaxIndex(3) AND MaxIndex(2) AND NOT MaxIndex(1) AND 
	NOT MaxIndex(4) AND NOT MaxIndex(0) AND N_PZ_215)));

LDCP_Memory_3_1: LDCP port map (Memory_3_1,Memory_3_1_D,In_Enable,'0','0');
Memory_3_1_D <= NOT (((N_PZ_214 AND NOT Memory_3_1)
	OR (NOT N_PZ_214 AND NOT Memory_2_1)
	OR (NOT MaxIndex(3) AND MaxIndex(2) AND NOT MaxIndex(1) AND 
	NOT MaxIndex(4) AND NOT MaxIndex(0) AND N_PZ_215)));

LDCP_Memory_3_2: LDCP port map (Memory_3_2,Memory_3_2_D,In_Enable,'0','0');
Memory_3_2_D <= NOT (((N_PZ_214 AND NOT Memory_3_2)
	OR (NOT N_PZ_214 AND NOT Memory_2_2)
	OR (NOT MaxIndex(3) AND MaxIndex(2) AND NOT MaxIndex(1) AND 
	NOT MaxIndex(4) AND NOT MaxIndex(0) AND N_PZ_215)));

LDCP_Memory_3_3: LDCP port map (Memory_3_3,Memory_3_3_D,In_Enable,'0','0');
Memory_3_3_D <= NOT (((N_PZ_214 AND NOT Memory_3_3)
	OR (NOT N_PZ_214 AND NOT Memory_2_3)
	OR (NOT MaxIndex(3) AND MaxIndex(2) AND NOT MaxIndex(1) AND 
	NOT MaxIndex(4) AND NOT MaxIndex(0) AND N_PZ_215)));

LDCP_Memory_4_0: LDCP port map (Memory_4_0,Memory_4_0_D,In_Enable,'0','0');
Memory_4_0_D <= NOT (((N_PZ_214 AND NOT Memory_4_0)
	OR (NOT N_PZ_214 AND NOT Memory_3_0)
	OR (NOT MaxIndex(3) AND MaxIndex(2) AND NOT MaxIndex(1) AND 
	NOT MaxIndex(4) AND MaxIndex(0) AND N_PZ_215)));

LDCP_Memory_4_1: LDCP port map (Memory_4_1,Memory_4_1_D,In_Enable,'0','0');
Memory_4_1_D <= NOT (((N_PZ_214 AND NOT Memory_4_1)
	OR (NOT N_PZ_214 AND NOT Memory_3_1)
	OR (NOT MaxIndex(3) AND MaxIndex(2) AND NOT MaxIndex(1) AND 
	NOT MaxIndex(4) AND MaxIndex(0) AND N_PZ_215)));

LDCP_Memory_4_2: LDCP port map (Memory_4_2,Memory_4_2_D,In_Enable,'0','0');
Memory_4_2_D <= NOT (((N_PZ_214 AND NOT Memory_4_2)
	OR (NOT N_PZ_214 AND NOT Memory_3_2)
	OR (NOT MaxIndex(3) AND MaxIndex(2) AND NOT MaxIndex(1) AND 
	NOT MaxIndex(4) AND MaxIndex(0) AND N_PZ_215)));

LDCP_Memory_4_3: LDCP port map (Memory_4_3,Memory_4_3_D,In_Enable,'0','0');
Memory_4_3_D <= NOT (((N_PZ_214 AND NOT Memory_4_3)
	OR (NOT N_PZ_214 AND NOT Memory_3_3)
	OR (NOT MaxIndex(3) AND MaxIndex(2) AND NOT MaxIndex(1) AND 
	NOT MaxIndex(4) AND MaxIndex(0) AND N_PZ_215)));

LDCP_Memory_5_0: LDCP port map (Memory_5_0,Memory_5_0_D,In_Enable,'0','0');
Memory_5_0_D <= NOT (((N_PZ_214 AND NOT Memory_5_0)
	OR (NOT N_PZ_214 AND NOT Memory_4_0)
	OR (NOT MaxIndex(3) AND MaxIndex(2) AND MaxIndex(1) AND 
	NOT MaxIndex(4) AND NOT MaxIndex(0) AND N_PZ_215)));

LDCP_Memory_5_1: LDCP port map (Memory_5_1,Memory_5_1_D,In_Enable,'0','0');
Memory_5_1_D <= NOT (((N_PZ_214 AND NOT Memory_5_1)
	OR (NOT N_PZ_214 AND NOT Memory_4_1)
	OR (NOT MaxIndex(3) AND MaxIndex(2) AND MaxIndex(1) AND 
	NOT MaxIndex(4) AND NOT MaxIndex(0) AND N_PZ_215)));

LDCP_Memory_5_2: LDCP port map (Memory_5_2,Memory_5_2_D,In_Enable,'0','0');
Memory_5_2_D <= NOT (((N_PZ_214 AND NOT Memory_5_2)
	OR (NOT N_PZ_214 AND NOT Memory_4_2)
	OR (NOT MaxIndex(3) AND MaxIndex(2) AND MaxIndex(1) AND 
	NOT MaxIndex(4) AND NOT MaxIndex(0) AND N_PZ_215)));

LDCP_Memory_5_3: LDCP port map (Memory_5_3,Memory_5_3_D,In_Enable,'0','0');
Memory_5_3_D <= NOT (((N_PZ_214 AND NOT Memory_5_3)
	OR (NOT N_PZ_214 AND NOT Memory_4_3)
	OR (NOT MaxIndex(3) AND MaxIndex(2) AND MaxIndex(1) AND 
	NOT MaxIndex(4) AND NOT MaxIndex(0) AND N_PZ_215)));

LDCP_Memory_6_0: LDCP port map (Memory_6_0,Memory_6_0_D,In_Enable,'0','0');
Memory_6_0_D <= NOT (((N_PZ_214 AND NOT Memory_6_0)
	OR (NOT N_PZ_214 AND NOT Memory_5_0)
	OR (NOT MaxIndex(3) AND MaxIndex(2) AND MaxIndex(1) AND 
	NOT MaxIndex(4) AND MaxIndex(0) AND N_PZ_215)));

LDCP_Memory_6_1: LDCP port map (Memory_6_1,Memory_6_1_D,In_Enable,'0','0');
Memory_6_1_D <= NOT (((N_PZ_214 AND NOT Memory_6_1)
	OR (NOT N_PZ_214 AND NOT Memory_5_1)
	OR (NOT MaxIndex(3) AND MaxIndex(2) AND MaxIndex(1) AND 
	NOT MaxIndex(4) AND MaxIndex(0) AND N_PZ_215)));

LDCP_Memory_6_2: LDCP port map (Memory_6_2,Memory_6_2_D,In_Enable,'0','0');
Memory_6_2_D <= NOT (((N_PZ_214 AND NOT Memory_6_2)
	OR (NOT N_PZ_214 AND NOT Memory_5_2)
	OR (NOT MaxIndex(3) AND MaxIndex(2) AND MaxIndex(1) AND 
	NOT MaxIndex(4) AND MaxIndex(0) AND N_PZ_215)));

LDCP_Memory_6_3: LDCP port map (Memory_6_3,Memory_6_3_D,In_Enable,'0','0');
Memory_6_3_D <= NOT (((N_PZ_214 AND NOT Memory_6_3)
	OR (NOT N_PZ_214 AND NOT Memory_5_3)
	OR (NOT MaxIndex(3) AND MaxIndex(2) AND MaxIndex(1) AND 
	NOT MaxIndex(4) AND MaxIndex(0) AND N_PZ_215)));

LDCP_Memory_7_0: LDCP port map (Memory_7_0,Memory_7_0_D,In_Enable,'0','0');
Memory_7_0_D <= NOT (((N_PZ_214 AND NOT Memory_7_0)
	OR (NOT N_PZ_214 AND NOT Memory_6_0)
	OR (MaxIndex(3) AND NOT MaxIndex(2) AND NOT MaxIndex(1) AND 
	NOT MaxIndex(4) AND NOT MaxIndex(0) AND N_PZ_215)));

LDCP_Memory_7_1: LDCP port map (Memory_7_1,Memory_7_1_D,In_Enable,'0','0');
Memory_7_1_D <= NOT (((N_PZ_214 AND NOT Memory_7_1)
	OR (NOT N_PZ_214 AND NOT Memory_6_1)
	OR (MaxIndex(3) AND NOT MaxIndex(2) AND NOT MaxIndex(1) AND 
	NOT MaxIndex(4) AND NOT MaxIndex(0) AND N_PZ_215)));

LDCP_Memory_7_2: LDCP port map (Memory_7_2,Memory_7_2_D,In_Enable,'0','0');
Memory_7_2_D <= NOT (((N_PZ_214 AND NOT Memory_7_2)
	OR (NOT N_PZ_214 AND NOT Memory_6_2)
	OR (MaxIndex(3) AND NOT MaxIndex(2) AND NOT MaxIndex(1) AND 
	NOT MaxIndex(4) AND NOT MaxIndex(0) AND N_PZ_215)));

LDCP_Memory_7_3: LDCP port map (Memory_7_3,Memory_7_3_D,In_Enable,'0','0');
Memory_7_3_D <= NOT (((N_PZ_214 AND NOT Memory_7_3)
	OR (NOT N_PZ_214 AND NOT Memory_6_3)
	OR (MaxIndex(3) AND NOT MaxIndex(2) AND NOT MaxIndex(1) AND 
	NOT MaxIndex(4) AND NOT MaxIndex(0) AND N_PZ_215)));

LDCP_Memory_8_0: LDCP port map (Memory_8_0,Memory_8_0_D,In_Enable,'0','0');
Memory_8_0_D <= NOT (((N_PZ_214 AND NOT Memory_8_0)
	OR (NOT N_PZ_214 AND NOT Memory_7_0)
	OR (MaxIndex(3) AND NOT MaxIndex(2) AND NOT MaxIndex(1) AND 
	NOT MaxIndex(4) AND MaxIndex(0) AND N_PZ_215)));

LDCP_Memory_8_1: LDCP port map (Memory_8_1,Memory_8_1_D,In_Enable,'0','0');
Memory_8_1_D <= NOT (((N_PZ_214 AND NOT Memory_8_1)
	OR (NOT N_PZ_214 AND NOT Memory_7_1)
	OR (MaxIndex(3) AND NOT MaxIndex(2) AND NOT MaxIndex(1) AND 
	NOT MaxIndex(4) AND MaxIndex(0) AND N_PZ_215)));

LDCP_Memory_8_2: LDCP port map (Memory_8_2,Memory_8_2_D,In_Enable,'0','0');
Memory_8_2_D <= NOT (((N_PZ_214 AND NOT Memory_8_2)
	OR (NOT N_PZ_214 AND NOT Memory_7_2)
	OR (MaxIndex(3) AND NOT MaxIndex(2) AND NOT MaxIndex(1) AND 
	NOT MaxIndex(4) AND MaxIndex(0) AND N_PZ_215)));

LDCP_Memory_8_3: LDCP port map (Memory_8_3,Memory_8_3_D,In_Enable,'0','0');
Memory_8_3_D <= NOT (((N_PZ_214 AND NOT Memory_8_3)
	OR (NOT N_PZ_214 AND NOT Memory_7_3)
	OR (MaxIndex(3) AND NOT MaxIndex(2) AND NOT MaxIndex(1) AND 
	NOT MaxIndex(4) AND MaxIndex(0) AND N_PZ_215)));

LDCP_Memory_9_0: LDCP port map (Memory_9_0,Memory_9_0_D,In_Enable,'0','0');
Memory_9_0_D <= NOT (((N_PZ_214 AND NOT Memory_9_0)
	OR (NOT N_PZ_214 AND NOT Memory_8_0)
	OR (MaxIndex(3) AND NOT MaxIndex(2) AND MaxIndex(1) AND 
	NOT MaxIndex(4) AND NOT MaxIndex(0) AND N_PZ_215)));

LDCP_Memory_9_1: LDCP port map (Memory_9_1,Memory_9_1_D,In_Enable,'0','0');
Memory_9_1_D <= NOT (((N_PZ_214 AND NOT Memory_9_1)
	OR (NOT N_PZ_214 AND NOT Memory_8_1)
	OR (MaxIndex(3) AND NOT MaxIndex(2) AND MaxIndex(1) AND 
	NOT MaxIndex(4) AND NOT MaxIndex(0) AND N_PZ_215)));

LDCP_Memory_9_2: LDCP port map (Memory_9_2,Memory_9_2_D,In_Enable,'0','0');
Memory_9_2_D <= NOT (((N_PZ_214 AND NOT Memory_9_2)
	OR (NOT N_PZ_214 AND NOT Memory_8_2)
	OR (MaxIndex(3) AND NOT MaxIndex(2) AND MaxIndex(1) AND 
	NOT MaxIndex(4) AND NOT MaxIndex(0) AND N_PZ_215)));

LDCP_Memory_9_3: LDCP port map (Memory_9_3,Memory_9_3_D,In_Enable,'0','0');
Memory_9_3_D <= NOT (((N_PZ_214 AND NOT Memory_9_3)
	OR (NOT N_PZ_214 AND NOT Memory_8_3)
	OR (MaxIndex(3) AND NOT MaxIndex(2) AND MaxIndex(1) AND 
	NOT MaxIndex(4) AND NOT MaxIndex(0) AND N_PZ_215)));


N_PZ_176 <= ((NOT MaxIndex(0) AND N_PZ_215)
	OR (NOT Out_FullStack AND NOT MaxIndex(4) AND MaxIndex(0) AND 
	N_PZ_218));


N_PZ_177 <= (NOT MaxIndex(3) AND NOT MaxIndex(2) AND NOT MaxIndex(1) AND 
	MaxIndex(4) AND NOT MaxIndex(0));


N_PZ_178 <= (NOT MaxIndex(3) AND MaxIndex(2) AND MaxIndex(1) AND 
	NOT MaxIndex(4) AND MaxIndex(0));


N_PZ_179 <= (MaxIndex(3) AND MaxIndex(2) AND MaxIndex(1) AND 
	NOT MaxIndex(4) AND MaxIndex(0));


N_PZ_180 <= (MaxIndex(3) AND MaxIndex(2) AND MaxIndex(1) AND 
	NOT MaxIndex(4) AND NOT MaxIndex(0));


N_PZ_186 <= (NOT MaxIndex(3) AND NOT MaxIndex(2) AND MaxIndex(1) AND 
	NOT MaxIndex(4) AND NOT MaxIndex(0));


N_PZ_188 <= (NOT MaxIndex(3) AND MaxIndex(2) AND NOT MaxIndex(1) AND 
	NOT MaxIndex(4) AND MaxIndex(0));


N_PZ_190 <= (NOT MaxIndex(3) AND NOT MaxIndex(2) AND NOT MaxIndex(1) AND 
	NOT MaxIndex(4) AND MaxIndex(0));


N_PZ_191 <= (NOT MaxIndex(3) AND NOT MaxIndex(2) AND MaxIndex(1) AND 
	NOT MaxIndex(4) AND MaxIndex(0));


N_PZ_196 <= (MaxIndex(3) AND NOT MaxIndex(2) AND NOT MaxIndex(1) AND 
	NOT MaxIndex(4) AND NOT MaxIndex(0));


N_PZ_197 <= (NOT MaxIndex(3) AND MaxIndex(2) AND MaxIndex(1) AND 
	NOT MaxIndex(4) AND NOT MaxIndex(0));


N_PZ_198 <= (MaxIndex(3) AND NOT MaxIndex(2) AND NOT MaxIndex(1) AND 
	NOT MaxIndex(4) AND MaxIndex(0));


N_PZ_199 <= (MaxIndex(3) AND NOT MaxIndex(2) AND MaxIndex(1) AND 
	NOT MaxIndex(4) AND NOT MaxIndex(0));


N_PZ_200 <= (NOT MaxIndex(3) AND MaxIndex(2) AND NOT MaxIndex(1) AND 
	NOT MaxIndex(4) AND NOT MaxIndex(0));


N_PZ_201 <= (MaxIndex(3) AND MaxIndex(2) AND NOT MaxIndex(1) AND 
	NOT MaxIndex(4) AND MaxIndex(0));


N_PZ_207 <= (MaxIndex(3) AND NOT MaxIndex(2) AND MaxIndex(1) AND 
	NOT MaxIndex(4) AND MaxIndex(0));


N_PZ_208 <= (MaxIndex(3) AND MaxIndex(2) AND NOT MaxIndex(1) AND 
	NOT MaxIndex(4) AND NOT MaxIndex(0));


N_PZ_214 <= ((NOT N_PZ_218)
	OR (NOT Out_FullStack AND NOT MaxIndex(3) AND NOT MaxIndex(2) AND 
	NOT MaxIndex(1) AND NOT MaxIndex(4) AND NOT MaxIndex(0)));


N_PZ_215 <= (NOT In_Write AND In_Read);


N_PZ_218 <= (In_Write AND NOT In_Read);


Out_BtnValue(0) <= In_BtnValue(0);


Out_BtnValue(1) <= In_BtnValue(1);


Out_BtnValue(2) <= In_BtnValue(2);


Out_BtnValue(3) <= In_BtnValue(3);

LDCP_Out_FullStack: LDCP port map (Out_FullStack,Out_FullStack_D,N_PZ_218,'0','0');
Out_FullStack_D <= ((Out_FullStack)
	OR (In_Enable AND N_PZ_177));

LDCP_Out_MemCellValue0: LDCP port map (Out_MemCellValue(0),Out_MemCellValue_D(0),,'0','0');
Out_MemCellValue_D(0) <= ((N_PZ_177 AND Memory_15_0)
	OR (N_PZ_179 AND Memory_14_0)
	OR (N_PZ_178 AND Memory_6_0)
	OR (Memory_13_0 AND N_PZ_180)
	OR (Memory_12_0 AND N_PZ_201)
	OR (Memory_11_0 AND N_PZ_208)
	OR (Memory_10_0 AND N_PZ_207)
	OR (Memory_9_0 AND N_PZ_199)
	OR (Memory_8_0 AND N_PZ_198)
	OR (Memory_7_0 AND N_PZ_196)
	OR (Memory_5_0 AND N_PZ_197)
	OR (Memory_4_0 AND N_PZ_188)
	OR (Memory_3_0 AND N_PZ_200)
	OR (Memory_2_0 AND N_PZ_191)
	OR (Memory_1_0 AND N_PZ_186)
	OR (Memory_0_0 AND N_PZ_190));
Out_MemCellValue_G(0) <= (In_Enable AND N_PZ_215);

LDCP_Out_MemCellValue1_BUFR: LDCP port map (Out_MemCellValue(1)_BUFR,Out_MemCellValue_D(1)_BUFR,,'0','0');
Out_MemCellValue_D(1)_BUFR <= ((N_PZ_177 AND Memory_15_1)
	OR (N_PZ_179 AND Memory_14_1)
	OR (N_PZ_178 AND Memory_6_1)
	OR (N_PZ_180 AND Memory_13_1)
	OR (N_PZ_186 AND Memory_1_1)
	OR (N_PZ_188 AND Memory_4_1)
	OR (N_PZ_190 AND Memory_0_1)
	OR (N_PZ_191 AND Memory_2_1)
	OR (N_PZ_196 AND Memory_7_1)
	OR (N_PZ_197 AND Memory_5_1)
	OR (N_PZ_198 AND Memory_8_1)
	OR (N_PZ_199 AND Memory_9_1)
	OR (N_PZ_200 AND Memory_3_1)
	OR (N_PZ_201 AND Memory_12_1)
	OR (N_PZ_207 AND Memory_10_1)
	OR (N_PZ_208 AND Memory_11_1));
Out_MemCellValue_G(1)_BUFR <= (In_Enable AND N_PZ_215);


Out_MemCellValue(1) <= Out_MemCellValue(1)_BUFR;


Out_MemCellValue(2) <= Out_MemCellValue(2)_BUFR;

LDCP_Out_MemCellValue2_BUFR: LDCP port map (Out_MemCellValue(2)_BUFR,Out_MemCellValue_D(2)_BUFR,,'0','0');
Out_MemCellValue_D(2)_BUFR <= ((N_PZ_177 AND Memory_15_2)
	OR (N_PZ_179 AND Memory_14_2)
	OR (N_PZ_178 AND Memory_6_2)
	OR (N_PZ_180 AND Memory_13_2)
	OR (N_PZ_186 AND Memory_1_2)
	OR (N_PZ_188 AND Memory_4_2)
	OR (N_PZ_190 AND Memory_0_2)
	OR (N_PZ_191 AND Memory_2_2)
	OR (N_PZ_196 AND Memory_7_2)
	OR (N_PZ_197 AND Memory_5_2)
	OR (N_PZ_198 AND Memory_8_2)
	OR (N_PZ_199 AND Memory_9_2)
	OR (N_PZ_200 AND Memory_3_2)
	OR (N_PZ_201 AND Memory_12_2)
	OR (N_PZ_207 AND Memory_10_2)
	OR (N_PZ_208 AND Memory_11_2));
Out_MemCellValue_G(2)_BUFR <= (In_Enable AND N_PZ_215);

LDCP_Out_MemCellValue3_BUFR: LDCP port map (Out_MemCellValue(3)_BUFR,Out_MemCellValue_D(3)_BUFR,,'0','0');
Out_MemCellValue_D(3)_BUFR <= ((N_PZ_177 AND Memory_15_3)
	OR (N_PZ_179 AND Memory_14_3)
	OR (N_PZ_178 AND Memory_6_3)
	OR (N_PZ_180 AND Memory_13_3)
	OR (N_PZ_186 AND Memory_1_3)
	OR (N_PZ_188 AND Memory_4_3)
	OR (N_PZ_190 AND Memory_0_3)
	OR (N_PZ_191 AND Memory_2_3)
	OR (N_PZ_196 AND Memory_7_3)
	OR (N_PZ_197 AND Memory_5_3)
	OR (N_PZ_198 AND Memory_8_3)
	OR (N_PZ_199 AND Memory_9_3)
	OR (N_PZ_200 AND Memory_3_3)
	OR (N_PZ_201 AND Memory_12_3)
	OR (N_PZ_207 AND Memory_10_3)
	OR (N_PZ_208 AND Memory_11_3));
Out_MemCellValue_G(3)_BUFR <= (In_Enable AND N_PZ_215);


Out_MemCellValue(3) <= Out_MemCellValue(3)_BUFR;


Register Legend:
 FDCPE (Q,D,C,CLR,PRE,CE); 
 FDDCPE (Q,D,C,CLR,PRE,CE); 
 FTCPE (Q,D,C,CLR,PRE,CE); 
 FTDCPE (Q,D,C,CLR,PRE,CE); 
 LDCP  (Q,D,G,CLR,PRE); 

******************************  Device Pin Out *****************************

Device : XC2C256-6-TQ144


Pin Signal                         Pin Signal                        
No. Name                           No. Name                          
  1 VCC                              73 VCCIO-1.8                     
  2 KPR                              74 KPR                           
  3 In_BtnValue<0>                   75 KPR                           
  4 KPR                              76 KPR                           
  5 In_BtnValue<1>                   77 KPR                           
  6 KPR                              78 KPR                           
  7 In_BtnValue<2>                   79 KPR                           
  8 VCCAUX                           80 KPR                           
  9 KPR                              81 KPR                           
 10 In_BtnValue<3>                   82 KPR                           
 11 KPR                              83 KPR                           
 12 KPR                              84 VCC                           
 13 KPR                              85 KPR                           
 14 KPR                              86 KPR                           
 15 KPR                              87 KPR                           
 16 KPR                              88 KPR                           
 17 KPR                              89 GND                           
 18 KPR                              90 GND                           
 19 KPR                              91 KPR                           
 20 KPR                              92 KPR                           
 21 KPR                              93 VCCIO-1.8                     
 22 KPR                              94 In_Read                       
 23 KPR                              95 KPR                           
 24 KPR                              96 KPR                           
 25 KPR                              97 Out_BtnValue<0>               
 26 KPR                              98 KPR                           
 27 VCCIO-1.8                        99 GND                           
 28 KPR                             100 Out_BtnValue<1>               
 29 GND                             101 KPR                           
 30 KPR                             102 Out_BtnValue<2>               
 31 KPR                             103 KPR                           
 32 KPR                             104 Out_BtnValue<3>               
 33 KPR                             105 KPR                           
 34 KPR                             106 KPR                           
 35 KPR                             107 KPR                           
 36 GND                             108 GND                           
 37 VCC                             109 VCCIO-1.8                     
 38 KPR                             110 KPR                           
 39 In_Enable                       111 KPR                           
 40 KPR                             112 KPR                           
 41 KPR                             113 Out_MemCellValue<0>           
 42 KPR                             114 KPR                           
 43 KPR                             115 Out_MemCellValue<1>           
 44 KPR                             116 KPR                           
 45 KPR                             117 Out_MemCellValue<2>           
 46 KPR                             118 KPR                           
 47 GND                             119 Out_MemCellValue<3>           
 48 KPR                             120 KPR                           
 49 KPR                             121 KPR                           
 50 KPR                             122 TDO                           
 51 KPR                             123 GND                           
 52 KPR                             124 KPR                           
 53 KPR                             125 KPR                           
 54 KPR                             126 KPR                           
 55 VCCIO-1.8                       127 VCCIO-1.8                     
 56 KPR                             128 KPR                           
 57 KPR                             129 KPR                           
 58 KPR                             130 KPR                           
 59 KPR                             131 KPR                           
 60 KPR                             132 KPR                           
 61 KPR                             133 KPR                           
 62 GND                             134 KPR                           
 63 TDI                             135 KPR                           
 64 KPR                             136 KPR                           
 65 TMS                             137 KPR                           
 66 KPR                             138 KPR                           
 67 TCK                             139 KPR                           
 68 KPR                             140 KPR                           
 69 Out_FullStack                   141 VCCIO-1.8                     
 70 KPR                             142 KPR                           
 71 KPR                             143 In_Write                      
 72 GND                             144 GND                           


Legend :  NC  = Not Connected, unbonded pin
        PGND  = Unused I/O configured as additional Ground pin
         KPR  = Unused I/O with weak keeper (leave unconnected)
         WPU  = Unused I/O with weak pull up (leave unconnected)
         TIE  = Unused I/O floating -- must tie to VCC, GND or other signal
         VCC  = Dedicated Power Pin
      VCCAUX  = Power supply for JTAG pins
   VCCIO-3.3  = I/O supply voltage for LVTTL, LVCMOS33, SSTL3_I
   VCCIO-2.5  = I/O supply voltage for LVCMOS25, SSTL2_I
   VCCIO-1.8  = I/O supply voltage for LVCMOS18
   VCCIO-1.5  = I/O supply voltage for LVCMOS15, HSTL_I
        VREF  = Reference voltage for indicated input standard
       *VREF  = Reference voltage pin selected by software
         GND  = Dedicated Ground Pin
         TDI  = Test Data In, JTAG pin
         TDO  = Test Data Out, JTAG pin
         TCK  = Test Clock, JTAG pin
         TMS  = Test Mode Select, JTAG pin
  PROHIBITED  = User reserved pin
****************************  Compiler Options  ****************************

Following is a list of all global compiler options used by the fitter run.

Device(s) Specified                         : xc2c256-6-TQ144
Optimization Method                         : DENSITY
Multi-Level Logic Optimization              : ON
Ignore Timing Specifications                : OFF
Default Register Power Up Value             : LOW
Keep User Location Constraints              : ON
What-You-See-Is-What-You-Get                : OFF
Exhaustive Fitting                          : OFF
Keep Unused Inputs                          : OFF
Slew Rate                                   : FAST
Set Unused I/O Pin Termination              : KEEPER
Global Clock Optimization                   : ON
Global Set/Reset Optimization               : ON
Global Ouput Enable Optimization            : ON
Enable Input Registers                      : ON
Function Block Fan-in Limit                 : 38
Use DATA_GATE Attribute                     : ON
Set Tristate Outputs to Termination Mode    : KEEPER
Default Voltage Standard for All Outputs    : LVCMOS18
Input Limit                                 : 32
Pterm Limit                                 : 28
