V3 7
FL C:/Users/miste/Desktop/FILO_Stack_VHDL-experimental/Memory.vhd 2021/12/15.16:54:54 P.20131013
FL C:/Users/miste/Desktop/FILO_Stack_VHDL-main/Memory.vhd 2022/01/24.10:11:58 P.20131013
FL C:/Users/miste/Desktop/Kody_JOS/FILO_Stack_VHDL-main/Memory.vhd 2022/01/24.12:02:51 P.20131013
EN work/Memory 1643022183 \
      FL C:/Users/miste/Desktop/Kody_JOS/FILO_Stack_VHDL-main/Memory.vhd \
      PB ieee/std_logic_1164 1381692176 PB ieee/std_logic_arith 1381692177 \
      PB ieee/STD_LOGIC_UNSIGNED 1381692179
AR work/Memory/Behavioral 1643022184 \
      FL C:/Users/miste/Desktop/Kody_JOS/FILO_Stack_VHDL-main/Memory.vhd \
      EN work/Memory 1643022183
FL "C:/Users/miste/Desktop/Nowy folder (2)/FILO_Stack_VHDL/Memory.vhd" 2021/12/15.17:36:23 P.20131013
FL C:/Users/miste/Desktop/VHDL/FILO_Stack_VHDL/Memory.vhd 2021/12/12.21:19:44 P.20131013
