V3 3
FL C:/Users/miste/Desktop/VHDL/FILO_Stack_VHDL/Memory.vhd 2021/12/12.21:19:44 P.20131013
EN work/Memory 1639340465 \
      FL C:/Users/miste/Desktop/VHDL/FILO_Stack_VHDL/Memory.vhd \
      PB ieee/std_logic_1164 1381692176 PB ieee/std_logic_arith 1381692177 \
      PB ieee/STD_LOGIC_UNSIGNED 1381692179
AR work/Memory/Behavioral 1639340466 \
      FL C:/Users/miste/Desktop/VHDL/FILO_Stack_VHDL/Memory.vhd EN work/Memory 1639340465
